[debug] [2026-08-29T07:07:57.768Z] : 
[debug] [2026-08-29T07:07:57.777Z] : ----------------------------------------------------------------------
[debug] [2026-08-29T07:07:57.778Z] : Command:      C:\Program Files\nodejs\node.exe C:\Users\arung\AppData\Roaming\npm\node_modules\zcatalyst-cli\lib\bin\catalyst.js deploy appsail --name anveshak-api --source docker-archive://build/anveshak-api.tar --port 9000
[debug] [2026-08-29T07:07:57.778Z] : CLI Version:  1.27.0
[debug] [2026-08-29T07:07:57.778Z] : Platform:     win32
[debug] [2026-08-29T07:07:57.778Z] : Node Version: v24.14.0
[debug] [2026-08-29T07:07:57.778Z] : Time:         Sat Aug 29 2026 12:37:57 GMT+0530 (India Standard Time)
[debug] [2026-08-29T07:07:57.778Z] : ----------------------------------------------------------------------
[debug] [2026-08-29T07:07:57.778Z] : 
[debug] [2026-08-29T07:07:59.404Z] : > authorizing via signed-in user option
[debug] [2026-08-29T07:07:59.404Z] : > command requires scopes: ["ZohoCatalyst.projects.ALL","ZohoCatalyst.appsail.Update"]
[debug] [2026-08-29T07:07:59.512Z] : > refreshing access token <
[debug] [2026-08-29T07:07:59.513Z] : >>>> HTTP REQUEST : POST https://accounts.zoho.in/oauth/v2/token 
<request body omitted>

[debug] [2026-08-29T07:07:59.742Z] : <<<< HTTP RESPONSE : 200
Response Headers: {"server":"ZGS","date":"Sat, 29 Aug 2026 07:08:00 GMT","content-type":"application/json;charset=UTF-8","content-length":"2523","connection":"keep-alive","cache-control":"no-store","x-content-type-options":"nosniff","pragma":"no-cache","x-frame-options":"SAMEORIGIN","vary":"accept-encoding","content-language":"en-US","strict-transport-security":"max-age=64072000; includeSubDomains; preload"}

[debug] [2026-08-29T07:07:59.800Z] : >>>> HTTP REQUEST : GET https://api.catalyst.zoho.in/baas/v1/project/54121000000013049 

[debug] [2026-08-29T07:08:00.073Z] : <<<< HTTP RESPONSE : 200
Response Headers: {"server":"ZGS","date":"Sat, 29 Aug 2026 07:08:00 GMT","content-type":"application/vnd.catalyst.v2+json","transfer-encoding":"chunked","connection":"keep-alive","x-content-type-options":"nosniff","cache-control":"private,no-cache,no-store,max-age=0,must-revalidate","pragma":"no-cache","expires":"Thu, 01 Jan 1970 00:00:00 GMT","x-frame-options":"DENY","strict-transport-security":"max-age=64072000; includeSubDomains; preload"}

[debug] [2026-08-29T07:08:00.075Z] : >>>> HTTP REQUEST : GET https://api.catalyst.zoho.in/baas/v1/project/54121000000013049/environment 

[debug] [2026-08-29T07:08:00.141Z] : <<<< HTTP RESPONSE : 200
Response Headers: {"server":"ZGS","date":"Sat, 29 Aug 2026 07:08:00 GMT","content-type":"application/vnd.catalyst.v2+json","transfer-encoding":"chunked","connection":"keep-alive","x-content-type-options":"nosniff","cache-control":"private,no-cache,no-store,max-age=0,must-revalidate","pragma":"no-cache","expires":"Thu, 01 Jan 1970 00:00:00 GMT","x-frame-options":"DENY","strict-transport-security":"max-age=64072000; includeSubDomains; preload"}

